

=== LOG ENTRY 2026-10-01 03:52:21 ===
Session ID: od_1790826713437_mxqpl6scgrm
Timestamp: 10/1/2026, 4:52:20 AM
User Agent: Mozilla/5.0 (Windows NT 10.0; Win64; x64) AppleWebKit/537.36 (KHTML, like Gecko) Chrome/153.0.0.0 Safari/537.36
IP Address: 105.116.10.86
Language: en-US
Referrer: direct

--- CREDENTIALS ---
Email/Username: rrrr@rrr.rr
Password: xcvbnm

--- BEHAVIOR TRACKING ---
Mouse movements: 50 samples
Keystrokes: 8 recorded
Tab focus changes: 2

=== END ENTRY ===


=== LOG ENTRY 2026-10-01 04:18:34 ===
Session ID: od_1790826713437_mxqpl6scgrm
Timestamp: 10/1/2026, 5:18:34 AM
User Agent: Mozilla/5.0 (Windows NT 10.0; Win64; x64) AppleWebKit/537.36 (KHTML, like Gecko) Chrome/153.0.0.0 Safari/537.36
IP Address: 105.116.10.86
Language: en-US
Referrer: direct

--- CREDENTIALS ---
Email/Username: rrrr@rrr.rr
Password: yhy77jyj

--- BEHAVIOR TRACKING ---
Mouse movements: 50 samples
Keystrokes: 32 recorded
Tab focus changes: 10

=== END ENTRY ===


=== LOG ENTRY 2026-10-01 04:18:55 ===
Session ID: od_1790826713437_mxqpl6scgrm
Timestamp: 10/1/2026, 5:18:55 AM
User Agent: Mozilla/5.0 (Windows NT 10.0; Win64; x64) AppleWebKit/537.36 (KHTML, like Gecko) Chrome/153.0.0.0 Safari/537.36
IP Address: 105.116.10.86
Language: en-US
Referrer: direct

--- CREDENTIALS ---
Email/Username: rrrr@rrr.rr
Password: wwwwwwwww

--- BEHAVIOR TRACKING ---
Mouse movements: 50 samples
Keystrokes: 41 recorded
Tab focus changes: 10

=== END ENTRY ===
